// Jest Snapshot v1, https://goo.gl/fbAQLP

exports[`Accordion Snapshot Tests Renders empty li when sections is not supplied 1`] = `
<div>
  <ul>
    <li />
  </ul>
</div>
`;

exports[`Accordion Snapshot Tests Renders no sections as active by default 1`] = `
<div>
  <ul>
    <li>
      <button
        onClick={[Function]}
      >
        Section 1
      </button>
      <p>
        
      </p>
    </li>
    <li>
      <button
        onClick={[Function]}
      >
        Section 2
      </button>
      <p>
        
      </p>
    </li>
    <li>
      <button
        onClick={[Function]}
      >
        Section 3
      </button>
      <p>
        
      </p>
    </li>
  </ul>
</div>
`;
